bme280.c:14:6:BME280	16	static
bme280.c:19:6:BME280_updateIT	16	static
bme280.c:30:6:BME280_i2cRxCpltCallback	16	static
bme280.c:43:6:BME280_calHz	4	static
bme280.c:48:9:BME280_getChipID	16	static
bme280.c:52:6:BME280_reset	8	static
bme280.c:56:9:BME280_readTemperature	16	static
bme280.c:62:9:BME280_readPressure	16	static
bme280.c:67:9:BME280_readHumidity	16	static
bme280.c:73:6:BME280_init	72	static
bme280.c:120:9:BME280_compensate_T	32	static
bme280.c:132:10:BME280_compensate_P	64	static
bme280.c:155:10:BME280_compensate_H	24	static
bme280.c:168:6:BME280_writeByte	32	static
bme280.c:171:6:BME280_readBytes	40	static
bme280.c:174:9:BME280_readByte	24	static
