MPU9250.c:15:6:MPU9250	16	static
MPU9250.c:57:6:MPU9250_updateDMA	16	static
MPU9250.c:63:6:MPU9250_i2cRxCpltCallback	16	static
MPU9250.c:89:18:MPU9250_calRawData	4	static
MPU9250.c:104:6:MPU9250_calCalibValue	4	static
MPU9250.c:122:6:MPU9250_madgwickAHRSupdateIMU	152	static
MPU9250.c:218:6:MPU9250_madgwickAHRSupdate	216	static
MPU9250.c:322:6:MPU9250_calRPY	16	static
MPU9250.c:328:18:AK8963_calRawData	4	static
MPU9250.c:337:6:AK8963_calCalibValue	4	static
MPU9250.c:344:10:MPU9250_getHz	4	static
MPU9250.c:345:7:MPU9250_getAx	4	static
MPU9250.c:346:7:MPU9250_getYx	4	static
MPU9250.c:347:7:MPU9250_getZx	4	static
MPU9250.c:348:7:MPU9250_getGx	4	static
MPU9250.c:349:7:MPU9250_getGy	4	static
MPU9250.c:350:7:MPU9250_getGz	4	static
MPU9250.c:353:6:MPU9250_getMres	4	static
MPU9250.c:367:6:MPU9250_getGres	4	static
MPU9250.c:389:6:MPU9250_getAres	4	static
MPU9250.c:411:6:MPU9250_readAccelData	16	static
MPU9250.c:420:6:MPU9250_readGyroData	16	static
MPU9250.c:429:6:MPU9250_readMagData	16	static
MPU9250.c:443:10:MPU9250_readTempData	16	static
MPU9250.c:452:6:MPU9250_resetMPU9250	8	static
MPU9250.c:458:6:MPU9250_initAK8963	16	static
MPU9250.c:482:6:MPU9250_initMPU9250	16	static
MPU9250.c:539:6:MPU9250_calibrateMPU9250	88	static
MPU9250.c:687:6:MPU9250_SelfTest	136	static
MPU9250.c:771:6:MPU9250_writeByte	32	static
MPU9250.c:776:6:MPU9250_readBytes	40	static
MPU9250.c:781:6:MPU9250_readByte	24	static
MPU9250.c:788:7:invSqrt	32	static
