sbus.h:36:9:uint8_t _bitCount64(uint64_t)	32	static
sbus.h:86:6:void SBUS_init(UART_HandleTypeDef*)	16	static
sbus.h:112:6:void SBUS_decoding()	24	static
sbus.h:169:6:void SBUS_uartRxCpltCallback()	8	static
sbus.h:203:6:void SBUS_calHz()	4	static
sbus.h:208:6:void SBUS_print()	16	static
sbus.h:215:10:uint16_t SBUS_getChannel(uint8_t)	16	static
main.cpp:40:5:int _write(int, unsigned char*, int)	24	static
main.cpp:48:6:void GPS_main()	8	static
main.cpp:62:6:void IST8310_main()	8	static
main.cpp:74:6:void IST8310_timer(TimerHandle_t)	16	static
main.cpp:81:6:void BME280_main()	16	static
main.cpp:103:6:void BME280_timer(TimerHandle_t)	16	static
main.cpp:109:6:void MPU9250_main(void*)	24	static
main.cpp:124:6:void MPU9250_timer(TimerHandle_t)	16	static
main.cpp:129:6:void debug_main(void*)	16	static
main.cpp:140:6:void cppMain()	24	static
main.cpp:245:6:void HAL_I2C_MemRxCpltCallback(I2C_HandleTypeDef*)	16	static
main.cpp:266:6:void HAL_UART_RxCpltCallback(UART_HandleTypeDef*)	16	static
